[jejuwedding.vn/thiep-cuoi/ngoc-long-thuy-ninh/index.html]
[backblue.gif]
[fade.gif]
[index.html]
[jejuwedding.vn/thiep-cuoi/wp-content/uploads/elementor/thumbs/Ban-sao-cua-HTC04961-ru1svpi09pj03p16ht8vdl1d1ooow1r9e0r5dxqp8g.jpg]
[jejuwedding.vn/thiep-cuoi/wp-content/plugins/jet-engine/assets/css/frontend6e55.css]
[jejuwedding.vn/thiep-cuoi/wp-content/themes/hello-elementor/assets/css/reset9d52.css]
[jejuwedding.vn/thiep-cuoi/wp-content/themes/hello-elementor/assets/css/theme9d52.css]
[jejuwedding.vn/thiep-cuoi/wp-content/themes/hello-elementor/assets/css/header-footer9d52.css]
[jejuwedding.vn/thiep-cuoi/wp-content/plugins/elementor/assets/css/frontend.min9c92.css]
[jejuwedding.vn/thiep-cuoi/ngoc-long-thuy-ninh/feed/index.html]
[jejuwedding.vn/thiep-cuoi/wp-content/uploads/elementor/css/post-7b7c5.css]
[jejuwedding.vn/thiep-cuoi/wp-content/themes/hello-theme-NgocNguyen/style8a54.css]
[jejuwedding.vn/thiep-cuoi/wp-content/plugins/elementor/assets/css/widget-heading.min9c92.css]
[jejuwedding.vn/thiep-cuoi/wp-content/plugins/elementor/assets/css/widget-divider.min9c92.css]
[jejuwedding.vn/thiep-cuoi/wp-content/plugins/elementor/assets/lib/swiper/v8/css/swiper.min94a4.css]
[jejuwedding.vn/thiep-cuoi/wp-content/plugins/elementor/assets/css/conditionals/e-swiper.min9c92.css]
[jejuwedding.vn/thiep-cuoi/wp-content/plugins/pro-elements/assets/css/widget-countdown.min3a05.css]
[jejuwedding.vn/thiep-cuoi/wp-content/plugins/elementor/assets/css/widget-image.min9c92.css]
[jejuwedding.vn/thiep-cuoi/wp-content/plugins/elementor/assets/css/widget-social-icons.min9c92.css]
[jejuwedding.vn/thiep-cuoi/wp-content/plugins/elementor/assets/css/conditionals/apple-webkit.min9c92.css]
[jejuwedding.vn/thiep-cuoi/wp-content/plugins/pro-elements/assets/css/widget-media-carousel.min3a05.css]
[jejuwedding.vn/thiep-cuoi/wp-content/plugins/pro-elements/assets/css/widget-carousel-module-base.min3a05.css]
[jejuwedding.vn/thiep-cuoi/wp-content/plugins/pro-elements/assets/css/widget-share-buttons.min3a05.css]
[jejuwedding.vn/thiep-cuoi/wp-content/uploads/elementor/css/post-997956c80.css]
[jejuwedding.vn/thiep-cuoi/wp-content/uploads/elementor/google-fonts/css/arsenalcff0.css]
[jejuwedding.vn/thiep-cuoi/wp-content/uploads/elementor/google-fonts/css/windsonge448.css]
[jejuwedding.vn/thiep-cuoi/wp-content/uploads/elementor/google-fonts/css/notoserifdisplayc2a5.css]
[jejuwedding.vn/thiep-cuoi/wp-content/uploads/elementor/google-fonts/css/quicksandadb5.css]
[jejuwedding.vn/thiep-cuoi/wp-includes/js/jquery/jquery.minf43b.js]
[jejuwedding.vn/thiep-cuoi/wp-includes/js/jquery/jquery-migrate.min5589.js]
[jejuwedding.vn/thiep-cuoi/wp-content/uploads/2024/10/jeju-favicon.jpg]
[jejuwedding.vn/thiep-cuoi/wp-content/uploads/elementor/thumbs/Ban-sao-cua-HTC05097-ru1svh1gk77f77dgv7l89567p7udyrtocuvs2g38sg.jpg]
[jejuwedding.vn/thiep-cuoi/ngoc-long-thuy-ninh/https_/jejuwedding.vn/thiep-cuoi/wp-content/uploads/2026/09/Ban-sao-cua-11.jpg]
[jejuwedding.vn/thiep-cuoi/ngoc-long-thuy-ninh/https_/jejuwedding.vn/thiep-cuoi/wp-content/uploads/2026/09/Ban-sao-cua-13.jpg]
[jejuwedding.vn/thiep-cuoi/ngoc-long-thuy-ninh/https_/jejuwedding.vn/thiep-cuoi/wp-content/uploads/2026/09/Ban-sao-cua-HTC04961.jpg]
[jejuwedding.vn/thiep-cuoi/ngoc-long-thuy-ninh/https_/jejuwedding.vn/thiep-cuoi/wp-content/uploads/2026/09/Ban-sao-cua-HTC05040.jpg]
[jejuwedding.vn/thiep-cuoi/ngoc-long-thuy-ninh/https_/jejuwedding.vn/thiep-cuoi/wp-content/uploads/2026/09/Ban-sao-cua-HTC05097.jpg]
[jejuwedding.vn/thiep-cuoi/ngoc-long-thuy-ninh/https_/jejuwedding.vn/thiep-cuoi/wp-content/uploads/2026/09/Ban-sao-cua-HTC05523.jpg]
[jejuwedding.vn/thiep-cuoi/ngoc-long-thuy-ninh/https_/jejuwedding.vn/thiep-cuoi/wp-content/uploads/2026/09/Ban-sao-cua-HTC05585.jpg]
[jejuwedding.vn/thiep-cuoi/ngoc-long-thuy-ninh/https_/jejuwedding.vn/thiep-cuoi/wp-content/uploads/2026/09/Ban-sao-cua-HTC05736.jpg]
[jejuwedding.vn/thiep-cuoi/ngoc-long-thuy-ninh/https_/jejuwedding.vn/thiep-cuoi/wp-content/uploads/2026/09/Ban-sao-cua-HTC06051.jpg]
[jejuwedding.vn/thiep-cuoi/ngoc-long-thuy-ninh/https_/jejuwedding.vn/thiep-cuoi/wp-content/uploads/2026/09/Ban-sao-cua-HTC06489.jpg]
[jejuwedding.vn/thiep-cuoi/ngoc-long-thuy-ninh/https_/jejuwedding.vn/thiep-cuoi/wp-content/uploads/2026/09/Ban-sao-cua-HTC06516.jpg]
[jejuwedding.vn/thiep-cuoi/ngoc-long-thuy-ninh/https_/jejuwedding.vn/thiep-cuoi/wp-content/uploads/2026/09/Ban-sao-cua-HTC06600.jpg]
[jejuwedding.vn/thiep-cuoi/ngoc-long-thuy-ninh/https_/jejuwedding.vn/thiep-cuoi/wp-content/uploads/2026/09/Ban-sao-cua-HTC06716.jpg]
[jejuwedding.vn/thiep-cuoi/ngoc-long-thuy-ninh/https_/jejuwedding.vn/thiep-cuoi/wp-content/uploads/2026/09/Ban-sao-cua-HTC06864.jpg]
[cdnjs.cloudflare.com/ajax/libs/font-awesome/6.0.0-beta3/css/all.min.css]
[jejuwedding.vn/thiep-cuoi/wp-content/themes/hello-elementor/assets/js/hello-frontend9d52.js]
[jejuwedding.vn/thiep-cuoi/wp-content/plugins/elementor/assets/js/webpack.runtime.min9c92.js]
[jejuwedding.vn/thiep-cuoi/wp-content/plugins/elementor/assets/js/frontend-modules.min9c92.js]
[jejuwedding.vn/thiep-cuoi/wp-includes/js/jquery/ui/core.min0a10.js]
[jejuwedding.vn/thiep-cuoi/wp-content/plugins/elementor/assets/js/frontend.min9c92.js]
[jejuwedding.vn/thiep-cuoi/wp-content/plugins/elementor/assets/lib/swiper/v8/swiper.min94a4.js]
[jejuwedding.vn/thiep-cuoi/wp-content/plugins/pro-elements/assets/js/webpack-pro.runtime.min3a05.js]
[jejuwedding.vn/thiep-cuoi/wp-includes/js/dist/hooks.min4ce2.js]
[jejuwedding.vn/thiep-cuoi/wp-includes/js/dist/i18n.min99af.js]
[jejuwedding.vn/thiep-cuoi/wp-content/plugins/pro-elements/assets/js/frontend.min3a05.js]
[jejuwedding.vn/thiep-cuoi/wp-content/plugins/pro-elements/assets/js/elements-handlers.min3a05.js]
[jejuwedding.vn/thiep-cuoi/ngoc-long-thuy-ninh/index.html]
[jejuwedding.vn/thiep-cuoi/wp-content/plugins/jet-engine/assets/css/frontend6e55.css]
[jejuwedding.vn/thiep-cuoi/wp-content/themes/hello-elementor/assets/css/reset9d52.css]
[jejuwedding.vn/thiep-cuoi/wp-content/themes/hello-elementor/assets/css/theme9d52.css]
[jejuwedding.vn/thiep-cuoi/wp-content/themes/hello-elementor/assets/css/header-footer9d52.css]
[jejuwedding.vn/thiep-cuoi/wp-content/plugins/elementor/assets/css/frontend.min9c92.css]
[jejuwedding.vn/thiep-cuoi/wp-content/uploads/elementor/css/post-7b7c5.css]
[jejuwedding.vn/thiep-cuoi/wp-content/themes/hello-theme-NgocNguyen/style8a54.css]
[jejuwedding.vn/thiep-cuoi/wp-content/plugins/elementor/assets/css/widget-heading.min9c92.css]
[jejuwedding.vn/thiep-cuoi/wp-content/plugins/elementor/assets/css/widget-divider.min9c92.css]
[jejuwedding.vn/thiep-cuoi/wp-content/plugins/elementor/assets/lib/swiper/v8/css/swiper.min94a4.css]
[jejuwedding.vn/thiep-cuoi/wp-content/plugins/elementor/assets/css/conditionals/e-swiper.min9c92.css]
[jejuwedding.vn/thiep-cuoi/wp-content/plugins/elementor/assets/lib/animations/styles/fadeInUp.min9c92.css]
[jejuwedding.vn/thiep-cuoi/wp-content/plugins/pro-elements/assets/css/widget-countdown.min3a05.css]
[jejuwedding.vn/thiep-cuoi/wp-content/plugins/elementor/assets/css/widget-image.min9c92.css]
[jejuwedding.vn/thiep-cuoi/wp-content/plugins/elementor/assets/css/widget-social-icons.min9c92.css]
[jejuwedding.vn/thiep-cuoi/wp-content/plugins/elementor/assets/css/conditionals/apple-webkit.min9c92.css]
[jejuwedding.vn/thiep-cuoi/wp-content/plugins/pro-elements/assets/css/widget-media-carousel.min3a05.css]
[jejuwedding.vn/thiep-cuoi/wp-content/plugins/pro-elements/assets/css/widget-carousel-module-base.min3a05.css]
[jejuwedding.vn/thiep-cuoi/wp-content/plugins/pro-elements/assets/css/widget-share-buttons.min3a05.css]
[jejuwedding.vn/thiep-cuoi/wp-content/uploads/2026/09/Ban-sao-cua-1790061125849_3142580556849828756_3142580556849828756_81a24d64792b1317fa8bc6cd3e6b08e6.jpg]
[jejuwedding.vn/thiep-cuoi/wp-content/uploads/2026/09/Ban-sao-cua-HTC06516.jpg]
[jejuwedding.vn/thiep-cuoi/wp-content/uploads/2026/09/Ban-sao-cua-HTC06051.jpg]
[jejuwedding.vn/thiep-cuoi/wp-content/uploads/2026/09/Ban-sao-cua-13.jpg]
[jejuwedding.vn/thiep-cuoi/wp-content/uploads/2026/09/Ban-sao-cua-HTC06864.jpg]
[jejuwedding.vn/thiep-cuoi/wp-content/uploads/elementor/css/post-997956c80.css]
[jejuwedding.vn/thiep-cuoi/wp-content/uploads/elementor/google-fonts/css/arsenalcff0.css]
[jejuwedding.vn/thiep-cuoi/wp-content/uploads/elementor/google-fonts/css/windsonge448.css]
[jejuwedding.vn/thiep-cuoi/wp-content/uploads/elementor/google-fonts/css/notoserifdisplayc2a5.css]
[jejuwedding.vn/thiep-cuoi/wp-content/uploads/elementor/google-fonts/css/quicksandadb5.css]
[jejuwedding.vn/thiep-cuoi/wp-includes/js/jquery/jquery.minf43b.js]
[jejuwedding.vn/thiep-cuoi/wp-includes/js/jquery/jquery-migrate.min5589.js]
[jejuwedding.vn/thiep-cuoi/ngoc-long-thuy-ninh/https_/jejuwedding.vn/thiep-cuoi/wp-content/uploads/2026/09/Ban-sao-cua-11.html]
[jejuwedding.vn/thiep-cuoi/ngoc-long-thuy-ninh/https_/jejuwedding.vn/thiep-cuoi/wp-content/uploads/2026/09/Ban-sao-cua-13.html]
[jejuwedding.vn/thiep-cuoi/ngoc-long-thuy-ninh/https_/jejuwedding.vn/thiep-cuoi/wp-content/uploads/2026/09/Ban-sao-cua-HTC04961.html]
[jejuwedding.vn/thiep-cuoi/ngoc-long-thuy-ninh/https_/jejuwedding.vn/thiep-cuoi/wp-content/uploads/2026/09/Ban-sao-cua-HTC05040.html]
[jejuwedding.vn/thiep-cuoi/ngoc-long-thuy-ninh/https_/jejuwedding.vn/thiep-cuoi/wp-content/uploads/2026/09/Ban-sao-cua-HTC05097.html]
[jejuwedding.vn/thiep-cuoi/ngoc-long-thuy-ninh/https_/jejuwedding.vn/thiep-cuoi/wp-content/uploads/2026/09/Ban-sao-cua-HTC05523.html]
[jejuwedding.vn/thiep-cuoi/ngoc-long-thuy-ninh/https_/jejuwedding.vn/thiep-cuoi/wp-content/uploads/2026/09/Ban-sao-cua-HTC05585.html]
[jejuwedding.vn/thiep-cuoi/ngoc-long-thuy-ninh/https_/jejuwedding.vn/thiep-cuoi/wp-content/uploads/2026/09/Ban-sao-cua-HTC05736.html]
[jejuwedding.vn/thiep-cuoi/ngoc-long-thuy-ninh/https_/jejuwedding.vn/thiep-cuoi/wp-content/uploads/2026/09/Ban-sao-cua-HTC06051.html]
[jejuwedding.vn/thiep-cuoi/ngoc-long-thuy-ninh/https_/jejuwedding.vn/thiep-cuoi/wp-content/uploads/2026/09/Ban-sao-cua-HTC06489.html]
[jejuwedding.vn/thiep-cuoi/ngoc-long-thuy-ninh/https_/jejuwedding.vn/thiep-cuoi/wp-content/uploads/2026/09/Ban-sao-cua-HTC06516.html]
[jejuwedding.vn/thiep-cuoi/ngoc-long-thuy-ninh/https_/jejuwedding.vn/thiep-cuoi/wp-content/uploads/2026/09/Ban-sao-cua-HTC06600.html]
[jejuwedding.vn/thiep-cuoi/ngoc-long-thuy-ninh/https_/jejuwedding.vn/thiep-cuoi/wp-content/uploads/2026/09/Ban-sao-cua-HTC06716.html]
[jejuwedding.vn/thiep-cuoi/ngoc-long-thuy-ninh/https_/jejuwedding.vn/thiep-cuoi/wp-content/uploads/2026/09/Ban-sao-cua-HTC06864.html]
[cdnjs.cloudflare.com/ajax/libs/font-awesome/6.0.0-beta3/css/all.min.css]
[jejuwedding.vn/thiep-cuoi/wp-content/themes/hello-elementor/assets/js/hello-frontend9d52.js]
[jejuwedding.vn/thiep-cuoi/wp-content/plugins/elementor/assets/js/webpack.runtime.min9c92.js]
[jejuwedding.vn/thiep-cuoi/wp-content/plugins/elementor/assets/js/frontend-modules.min9c92.js]
[jejuwedding.vn/thiep-cuoi/wp-includes/js/jquery/ui/core.min0a10.js]
[jejuwedding.vn/thiep-cuoi/wp-content/plugins/elementor/assets/js/frontend.min9c92.js]
[jejuwedding.vn/thiep-cuoi/ngoc-long-thuy-ninh/'https_/jejuwedding.vn/thiep-cuoi/wp-content/uploads/2026/09/Ban-sao-cua-1790061125849_3142580556849828756_3142580556849828756_81a24d64792b1317fa8bc6cd3e6b08e6]
[jejuwedding.vn/thiep-cuoi/ngoc-long-thuy-ninh/OPR/index.html]
[jejuwedding.vn/thiep-cuoi/ngoc-long-thuy-ninh/t.params.url]
[jejuwedding.vn/thiep-cuoi/wp-content/plugins/elementor/assets/lib/swiper/v8/swiper.min94a4.js]
[jejuwedding.vn/thiep-cuoi/wp-content/plugins/pro-elements/assets/js/webpack-pro.runtime.min3a05.js]
[jejuwedding.vn/thiep-cuoi/wp-includes/js/dist/hooks.min4ce2.js]
[jejuwedding.vn/thiep-cuoi/wp-includes/js/dist/i18n.min99af.js]
[jejuwedding.vn/thiep-cuoi/wp-content/plugins/pro-elements/assets/js/frontend.min3a05.js]
[jejuwedding.vn/thiep-cuoi/ngoc-long-thuy-ninh/window.location.href]
[jejuwedding.vn/thiep-cuoi/wp-content/plugins/pro-elements/assets/js/elements-handlers.min3a05.js]
[jejuwedding.vn/thiep-cuoi/ngoc-long-thuy-ninh/'https_/jejuwedding.vn/thiep-cuoi/wp-content/uploads/2026/09/Ban-sao-cua-1790061125849_3142580556849828756_3142580556849828756_81a24d64792b1317fa8bc6cd3e6b08e6]
[jejuwedding.vn/thiep-cuoi/ngoc-long-thuy-ninh/OPR/index.html]
[jejuwedding.vn/thiep-cuoi/ngoc-long-thuy-ninh/t.params.html]
[jejuwedding.vn/thiep-cuoi/ngoc-long-thuy-ninh/window.location.html]
